   Compiling nakama-audit2-broker-repros v0.0.0 (C:\na-audit2-broker-20260912)
warning: unused import: `Befundzustand`
 --> tests\broker_repros.rs:3:33
  |
3 | use eqcop_broker::coordinator::{Befundzustand, Coordinator, ManualClock};
  |                                 ^^^^^^^^^^^^^
  |
  = note: `#[warn(unused_imports)]` (part of `#[warn(unused)]`) on by default

warning: methods `teilupdate`, `vorschlaege`, `sql`, and `sql_ausfuehren` are never used
   --> tests\broker_repros.rs:300:8
    |
185 | impl Harnisch {
    | ------------- methods in this implementation
...
300 |     fn teilupdate(&self, quelle: &Adresse, rolle: &str, revision: i64) -> bool {
    |        ^^^^^^^^^^
...
342 |     fn vorschlaege(&self) -> Vec<eqcop_broker::coordinator::Proposal> {
    |        ^^^^^^^^^^^
...
371 |     fn sql(&self, sql: &str) -> i64 {
    |        ^^^
...
376 |     fn sql_ausfuehren(&self, sql: &str) {
    |        ^^^^^^^^^^^^^^
    |
    = note: `#[warn(dead_code)]` (part of `#[warn(unused)]`) on by default

warning: `nakama-audit2-broker-repros` (test "broker_repros") generated 2 warnings (run `cargo fix --test "broker_repros" -p nakama-audit2-broker-repros` to apply 1 suggestion)
    Finished `test` profile [unoptimized + debuginfo] target(s) in 1.08s
     Running tests\broker_repros.rs (target\debug\deps\broker_repros-a45d7f23f3a87a73.exe)

running 1 test
Nakama Store: rusqlite 0.40.2, SQLite 3.53.2, C:/na-audit2-broker-20260912\nakama-sonde014-nacharbeit2-audit-rollback-index-24128-09ec9851d0974b75b307af3048c9642b\nakama-broker.sqlite3
Rollback E1 cache exclusion: None

Rollback E1 SQLite exclusion: "intervention"
thread 'ruecknahme_nach_storefehler_darf_keinen_fremden_ausschluss_loeschen' (27748) panicked at tests\broker_repros.rs:479:5:
Der fehlgeschlagene E0-Rueckweg darf den frueher committeten E1-Ausschluss nicht loeschen
note: run with `RUST_BACKTRACE=1` environment variable to display a backtrace
test ruecknahme_nach_storefehler_darf_keinen_fremden_ausschluss_loeschen ... FAILED

failures:

failures:
    ruecknahme_nach_storefehler_darf_keinen_fremden_ausschluss_loeschen

test result: FAILED. 0 passed; 1 failed; 0 ignored; 0 measured; 1 filtered out; finished in 7.39s

error: test failed, to rerun pass `--test broker_repros`
